// Jest Snapshot v1, https://goo.gl/fbAQLP

exports[`Footer Component renders correct properties 1`] = `
<ResizeComponent
  showRightElements={true}
  title="Title"
  width={1000}
>
  <Footer
    showRightElements={true}
    title="Title"
    width={1000}
  >
    <footer
      className="containerFooter"
      style={Object {}}
    >
      <div
        className="containertitle"
      >
        Title
      </div>
      <div
        className="containeritemRight"
      />
    </footer>
  </Footer>
</ResizeComponent>
`;
