// Jest Snapshot v1, https://goo.gl/fbAQLP

exports[`ButtonOpacityPicker Component renders correct properties 1`] = `
<div
  className="buttonContainer"
>
  <div
    className="swatch"
    onClick={[Function]}
  >
    <div
      className="color"
      style={
        Object {
          "backgroundImage": "url(opacity.jpg)",
        }
      }
    >
      <div
        className="color"
        style={
          Object {
            "background": "rgba(255, 255, 255, 0)",
          }
        }
      />
    </div>
  </div>
</div>
`;
